// Jest Snapshot v1, https://goo.gl/fbAQLP

exports[`DashboardTable should render properly 1`] = `
"<table border=\\"1\\">
  <thead>
    <DashboardHeader headings={{...}} />
    <Pushers dashboard={{...}} />
  </thead>
</table>"
`;
