// Jest Snapshot v1, https://goo.gl/fbAQLP

exports[`Dashboard should render properly 1`] = `
"<div className=\\"dashboard\\">
  <DashboardTable dashboard={{...}} />
</div>"
`;
