// Jest Snapshot v1, https://goo.gl/fbAQLP

exports[`Pushers should render properly 1`] = `
"<PusherInfo pusher={{...}} number={1} />


<PusherInfo pusher={{...}} number={2} />"
`;
