// Jest Snapshot v1, https://goo.gl/fbAQLP

exports[`History should render properly 1`] = `"<Reports details={[undefined]} username={{...}} />"`;
